
[TestSnapshots/testsuite_and_testsuites_text - 1]
nil
---
